---
version: 1
interactions:
- request:
    body: '{"name":"tf-test-account-ssh-key-basic","public_key":"ssh-ed25519 AAAAC3NzaC1lZDI1NTE5AAAAIEEYrzDOZmhItdKaDAEqJQ4ORS2GyBMtBozYsK5kiXXX
      opensource@scaleway.com","project_id":"105bdce1-64c0-48ab-899d-868455867ecf"}'
    form: {}
    headers:
      Content-Type:
      - application/json
      User-Agent:
      - scaleway-sdk-go/v1.0.0-beta.7+dev (go1.22.1; darwin; amd64) terraform-provider/develop
        terraform/terraform-tests
    url: https://api.scaleway.com/iam/v1alpha1/ssh-keys
    method: POST
  response:
    body: '{"created_at":"2024-03-26T10:57:11.732925Z","disabled":false,"fingerprint":"256
      MD5:94:db:c3:76:58:e4:37:0a:ce:30:ae:ad:7d:86:b1:f0 (ssh-ed25519)","id":"970afd43-f85f-4298-ba48-10d1f84e88c8","name":"tf-test-account-ssh-key-basic","organization_id":"105bdce1-64c0-48ab-899d-868455867ecf","project_id":"105bdce1-64c0-48ab-899d-868455867ecf","public_key":"ssh-ed25519
      AAAAC3NzaC1lZDI1NTE5AAAAIEEYrzDOZmhItdKaDAEqJQ4ORS2GyBMtBozYsK5kiXXX","updated_at":"2024-03-26T10:57:11.732925Z"}'
    headers:
      Content-Length:
      - "478"
      Content-Security-Policy:
      - default-src 'none'; frame-ancestors 'none'
      Content-Type:
      - application/json
      Date:
      - Tue, 26 Mar 2024 10:57:11 GMT
      Server:
      - Scaleway API Gateway (fr-par-2;edge01)
      Strict-Transport-Security:
      - max-age=63072000
      X-Content-Type-Options:
      - nosniff
      X-Frame-Options:
      - DENY
      X-Request-Id:
      - a44d884a-0fb9-4e24-917e-1aa56fcff722
    status: 200 OK
    code: 200
    duration: ""
- request:
    body: ""
    form: {}
    headers:
      User-Agent:
      - scaleway-sdk-go/v1.0.0-beta.7+dev (go1.22.1; darwin; amd64) terraform-provider/develop
        terraform/terraform-tests
    url: https://api.scaleway.com/iam/v1alpha1/ssh-keys/970afd43-f85f-4298-ba48-10d1f84e88c8
    method: GET
  response:
    body: '{"created_at":"2024-03-26T10:57:11.732925Z","disabled":false,"fingerprint":"256
      MD5:94:db:c3:76:58:e4:37:0a:ce:30:ae:ad:7d:86:b1:f0 (ssh-ed25519)","id":"970afd43-f85f-4298-ba48-10d1f84e88c8","name":"tf-test-account-ssh-key-basic","organization_id":"105bdce1-64c0-48ab-899d-868455867ecf","project_id":"105bdce1-64c0-48ab-899d-868455867ecf","public_key":"ssh-ed25519
      AAAAC3NzaC1lZDI1NTE5AAAAIEEYrzDOZmhItdKaDAEqJQ4ORS2GyBMtBozYsK5kiXXX","updated_at":"2024-03-26T10:57:11.732925Z"}'
    headers:
      Content-Length:
      - "478"
      Content-Security-Policy:
      - default-src 'none'; frame-ancestors 'none'
      Content-Type:
      - application/json
      Date:
      - Tue, 26 Mar 2024 10:57:11 GMT
      Server:
      - Scaleway API Gateway (fr-par-2;edge01)
      Strict-Transport-Security:
      - max-age=63072000
      X-Content-Type-Options:
      - nosniff
      X-Frame-Options:
      - DENY
      X-Request-Id:
      - ef4271f9-b04e-4195-bec9-b75b67eaf0b1
    status: 200 OK
    code: 200
    duration: ""
- request:
    body: ""
    form: {}
    headers:
      User-Agent:
      - scaleway-sdk-go/v1.0.0-beta.7+dev (go1.22.1; darwin; amd64) terraform-provider/develop
        terraform/terraform-tests
    url: https://api.scaleway.com/iam/v1alpha1/ssh-keys/970afd43-f85f-4298-ba48-10d1f84e88c8
    method: GET
  response:
    body: '{"created_at":"2024-03-26T10:57:11.732925Z","disabled":false,"fingerprint":"256
      MD5:94:db:c3:76:58:e4:37:0a:ce:30:ae:ad:7d:86:b1:f0 (ssh-ed25519)","id":"970afd43-f85f-4298-ba48-10d1f84e88c8","name":"tf-test-account-ssh-key-basic","organization_id":"105bdce1-64c0-48ab-899d-868455867ecf","project_id":"105bdce1-64c0-48ab-899d-868455867ecf","public_key":"ssh-ed25519
      AAAAC3NzaC1lZDI1NTE5AAAAIEEYrzDOZmhItdKaDAEqJQ4ORS2GyBMtBozYsK5kiXXX","updated_at":"2024-03-26T10:57:11.732925Z"}'
    headers:
      Content-Length:
      - "478"
      Content-Security-Policy:
      - default-src 'none'; frame-ancestors 'none'
      Content-Type:
      - application/json
      Date:
      - Tue, 26 Mar 2024 10:57:12 GMT
      Server:
      - Scaleway API Gateway (fr-par-2;edge01)
      Strict-Transport-Security:
      - max-age=63072000
      X-Content-Type-Options:
      - nosniff
      X-Frame-Options:
      - DENY
      X-Request-Id:
      - 80c72254-eea4-4fb7-960e-d1d2c98e1284
    status: 200 OK
    code: 200
    duration: ""
- request:
    body: ""
    form: {}
    headers:
      User-Agent:
      - scaleway-sdk-go/v1.0.0-beta.7+dev (go1.22.1; darwin; amd64) terraform-provider/develop
        terraform/terraform-tests
    url: https://api.scaleway.com/iam/v1alpha1/ssh-keys/970afd43-f85f-4298-ba48-10d1f84e88c8
    method: GET
  response:
    body: '{"created_at":"2024-03-26T10:57:11.732925Z","disabled":false,"fingerprint":"256
      MD5:94:db:c3:76:58:e4:37:0a:ce:30:ae:ad:7d:86:b1:f0 (ssh-ed25519)","id":"970afd43-f85f-4298-ba48-10d1f84e88c8","name":"tf-test-account-ssh-key-basic","organization_id":"105bdce1-64c0-48ab-899d-868455867ecf","project_id":"105bdce1-64c0-48ab-899d-868455867ecf","public_key":"ssh-ed25519
      AAAAC3NzaC1lZDI1NTE5AAAAIEEYrzDOZmhItdKaDAEqJQ4ORS2GyBMtBozYsK5kiXXX","updated_at":"2024-03-26T10:57:11.732925Z"}'
    headers:
      Content-Length:
      - "478"
      Content-Security-Policy:
      - default-src 'none'; frame-ancestors 'none'
      Content-Type:
      - application/json
      Date:
      - Tue, 26 Mar 2024 10:57:12 GMT
      Server:
      - Scaleway API Gateway (fr-par-2;edge01)
      Strict-Transport-Security:
      - max-age=63072000
      X-Content-Type-Options:
      - nosniff
      X-Frame-Options:
      - DENY
      X-Request-Id:
      - c3ddd2e8-ea80-48bd-9b2d-d3ac958f0c3c
    status: 200 OK
    code: 200
    duration: ""
- request:
    body: ""
    form: {}
    headers:
      User-Agent:
      - scaleway-sdk-go/v1.0.0-beta.7+dev (go1.22.1; darwin; amd64) terraform-provider/develop
        terraform/terraform-tests
    url: https://api.scaleway.com/iam/v1alpha1/ssh-keys/970afd43-f85f-4298-ba48-10d1f84e88c8
    method: GET
  response:
    body: '{"created_at":"2024-03-26T10:57:11.732925Z","disabled":false,"fingerprint":"256
      MD5:94:db:c3:76:58:e4:37:0a:ce:30:ae:ad:7d:86:b1:f0 (ssh-ed25519)","id":"970afd43-f85f-4298-ba48-10d1f84e88c8","name":"tf-test-account-ssh-key-basic","organization_id":"105bdce1-64c0-48ab-899d-868455867ecf","project_id":"105bdce1-64c0-48ab-899d-868455867ecf","public_key":"ssh-ed25519
      AAAAC3NzaC1lZDI1NTE5AAAAIEEYrzDOZmhItdKaDAEqJQ4ORS2GyBMtBozYsK5kiXXX","updated_at":"2024-03-26T10:57:11.732925Z"}'
    headers:
      Content-Length:
      - "478"
      Content-Security-Policy:
      - default-src 'none'; frame-ancestors 'none'
      Content-Type:
      - application/json
      Date:
      - Tue, 26 Mar 2024 10:57:12 GMT
      Server:
      - Scaleway API Gateway (fr-par-2;edge01)
      Strict-Transport-Security:
      - max-age=63072000
      X-Content-Type-Options:
      - nosniff
      X-Frame-Options:
      - DENY
      X-Request-Id:
      - ff76a50d-f652-41b1-8938-13f5218cd270
    status: 200 OK
    code: 200
    duration: ""
- request:
    body: '{"name":"tf-test-account-ssh-key-basic-updated"}'
    form: {}
    headers:
      Content-Type:
      - application/json
      User-Agent:
      - scaleway-sdk-go/v1.0.0-beta.7+dev (go1.22.1; darwin; amd64) terraform-provider/develop
        terraform/terraform-tests
    url: https://api.scaleway.com/iam/v1alpha1/ssh-keys/970afd43-f85f-4298-ba48-10d1f84e88c8
    method: PATCH
  response:
    body: '{"created_at":"2024-03-26T10:57:11.732925Z","disabled":false,"fingerprint":"256
      MD5:94:db:c3:76:58:e4:37:0a:ce:30:ae:ad:7d:86:b1:f0 (ssh-ed25519)","id":"970afd43-f85f-4298-ba48-10d1f84e88c8","name":"tf-test-account-ssh-key-basic-updated","organization_id":"105bdce1-64c0-48ab-899d-868455867ecf","project_id":"105bdce1-64c0-48ab-899d-868455867ecf","public_key":"ssh-ed25519
      AAAAC3NzaC1lZDI1NTE5AAAAIEEYrzDOZmhItdKaDAEqJQ4ORS2GyBMtBozYsK5kiXXX","updated_at":"2024-03-26T10:57:13.180820Z"}'
    headers:
      Content-Length:
      - "486"
      Content-Security-Policy:
      - default-src 'none'; frame-ancestors 'none'
      Content-Type:
      - application/json
      Date:
      - Tue, 26 Mar 2024 10:57:13 GMT
      Server:
      - Scaleway API Gateway (fr-par-2;edge01)
      Strict-Transport-Security:
      - max-age=63072000
      X-Content-Type-Options:
      - nosniff
      X-Frame-Options:
      - DENY
      X-Request-Id:
      - 2dcd31fd-ad18-43d6-87e2-bcbf01bb69ac
    status: 200 OK
    code: 200
    duration: ""
- request:
    body: ""
    form: {}
    headers:
      User-Agent:
      - scaleway-sdk-go/v1.0.0-beta.7+dev (go1.22.1; darwin; amd64) terraform-provider/develop
        terraform/terraform-tests
    url: https://api.scaleway.com/iam/v1alpha1/ssh-keys/970afd43-f85f-4298-ba48-10d1f84e88c8
    method: GET
  response:
    body: '{"created_at":"2024-03-26T10:57:11.732925Z","disabled":false,"fingerprint":"256
      MD5:94:db:c3:76:58:e4:37:0a:ce:30:ae:ad:7d:86:b1:f0 (ssh-ed25519)","id":"970afd43-f85f-4298-ba48-10d1f84e88c8","name":"tf-test-account-ssh-key-basic-updated","organization_id":"105bdce1-64c0-48ab-899d-868455867ecf","project_id":"105bdce1-64c0-48ab-899d-868455867ecf","public_key":"ssh-ed25519
      AAAAC3NzaC1lZDI1NTE5AAAAIEEYrzDOZmhItdKaDAEqJQ4ORS2GyBMtBozYsK5kiXXX","updated_at":"2024-03-26T10:57:13.180820Z"}'
    headers:
      Content-Length:
      - "486"
      Content-Security-Policy:
      - default-src 'none'; frame-ancestors 'none'
      Content-Type:
      - application/json
      Date:
      - Tue, 26 Mar 2024 10:57:13 GMT
      Server:
      - Scaleway API Gateway (fr-par-2;edge01)
      Strict-Transport-Security:
      - max-age=63072000
      X-Content-Type-Options:
      - nosniff
      X-Frame-Options:
      - DENY
      X-Request-Id:
      - bdb1407d-0457-45d0-9694-5c2c855cf949
    status: 200 OK
    code: 200
    duration: ""
- request:
    body: ""
    form: {}
    headers:
      User-Agent:
      - scaleway-sdk-go/v1.0.0-beta.7+dev (go1.22.1; darwin; amd64) terraform-provider/develop
        terraform/terraform-tests
    url: https://api.scaleway.com/iam/v1alpha1/ssh-keys/970afd43-f85f-4298-ba48-10d1f84e88c8
    method: GET
  response:
    body: '{"created_at":"2024-03-26T10:57:11.732925Z","disabled":false,"fingerprint":"256
      MD5:94:db:c3:76:58:e4:37:0a:ce:30:ae:ad:7d:86:b1:f0 (ssh-ed25519)","id":"970afd43-f85f-4298-ba48-10d1f84e88c8","name":"tf-test-account-ssh-key-basic-updated","organization_id":"105bdce1-64c0-48ab-899d-868455867ecf","project_id":"105bdce1-64c0-48ab-899d-868455867ecf","public_key":"ssh-ed25519
      AAAAC3NzaC1lZDI1NTE5AAAAIEEYrzDOZmhItdKaDAEqJQ4ORS2GyBMtBozYsK5kiXXX","updated_at":"2024-03-26T10:57:13.180820Z"}'
    headers:
      Content-Length:
      - "486"
      Content-Security-Policy:
      - default-src 'none'; frame-ancestors 'none'
      Content-Type:
      - application/json
      Date:
      - Tue, 26 Mar 2024 10:57:13 GMT
      Server:
      - Scaleway API Gateway (fr-par-2;edge01)
      Strict-Transport-Security:
      - max-age=63072000
      X-Content-Type-Options:
      - nosniff
      X-Frame-Options:
      - DENY
      X-Request-Id:
      - 8b38e92e-4812-4fa0-9c6c-5e01913da18d
    status: 200 OK
    code: 200
    duration: ""
- request:
    body: ""
    form: {}
    headers:
      User-Agent:
      - scaleway-sdk-go/v1.0.0-beta.7+dev (go1.22.1; darwin; amd64) terraform-provider/develop
        terraform/terraform-tests
    url: https://api.scaleway.com/iam/v1alpha1/ssh-keys/970afd43-f85f-4298-ba48-10d1f84e88c8
    method: GET
  response:
    body: '{"created_at":"2024-03-26T10:57:11.732925Z","disabled":false,"fingerprint":"256
      MD5:94:db:c3:76:58:e4:37:0a:ce:30:ae:ad:7d:86:b1:f0 (ssh-ed25519)","id":"970afd43-f85f-4298-ba48-10d1f84e88c8","name":"tf-test-account-ssh-key-basic-updated","organization_id":"105bdce1-64c0-48ab-899d-868455867ecf","project_id":"105bdce1-64c0-48ab-899d-868455867ecf","public_key":"ssh-ed25519
      AAAAC3NzaC1lZDI1NTE5AAAAIEEYrzDOZmhItdKaDAEqJQ4ORS2GyBMtBozYsK5kiXXX","updated_at":"2024-03-26T10:57:13.180820Z"}'
    headers:
      Content-Length:
      - "486"
      Content-Security-Policy:
      - default-src 'none'; frame-ancestors 'none'
      Content-Type:
      - application/json
      Date:
      - Tue, 26 Mar 2024 10:57:13 GMT
      Server:
      - Scaleway API Gateway (fr-par-2;edge01)
      Strict-Transport-Security:
      - max-age=63072000
      X-Content-Type-Options:
      - nosniff
      X-Frame-Options:
      - DENY
      X-Request-Id:
      - 810f3c38-dfee-4356-9109-9bcc5531d31e
    status: 200 OK
    code: 200
    duration: ""
- request:
    body: ""
    form: {}
    headers:
      User-Agent:
      - scaleway-sdk-go/v1.0.0-beta.7+dev (go1.22.1; darwin; amd64) terraform-provider/develop
        terraform/terraform-tests
    url: https://api.scaleway.com/iam/v1alpha1/ssh-keys/970afd43-f85f-4298-ba48-10d1f84e88c8
    method: DELETE
  response:
    body: ""
    headers:
      Content-Security-Policy:
      - default-src 'none'; frame-ancestors 'none'
      Content-Type:
      - application/json
      Date:
      - Tue, 26 Mar 2024 10:57:14 GMT
      Server:
      - Scaleway API Gateway (fr-par-2;edge01)
      Strict-Transport-Security:
      - max-age=63072000
      X-Content-Type-Options:
      - nosniff
      X-Frame-Options:
      - DENY
      X-Request-Id:
      - 5ecb0dac-59ef-4d40-aa8f-ed76ad15c7b5
    status: 204 No Content
    code: 204
    duration: ""
